// Jest Snapshot v1, https://goo.gl/fbAQLP

exports[`Modal  renders 1`] = `
<div
  className="p-modal"
  onClick={[MockFunction]}
>
  <div
    aria-describedby="00000000-0000-0000-0000-000000000000"
    aria-labelledby="00000000-0000-0000-0000-000000000000"
    className="p-modal__dialog"
    onClick={[Function]}
    role="dialog"
  >
    <header
      className="p-modal__header"
    >
      <h2
        className="p-modal__title"
        id="00000000-0000-0000-0000-000000000000"
      >
        Confirm delete
      </h2>
      <button
        aria-label="Close active modal"
        className="p-modal__close"
        onClick={[MockFunction]}
      >
        Close
      </button>
    </header>
    <div
      id="00000000-0000-0000-0000-000000000000"
    >
      Are you sure?
    </div>
  </div>
</div>
`;
