// Jest Snapshot v1, https://goo.gl/fbAQLP

exports[`AccordionSection  renders 1`] = `
<li
  className="p-accordion__group"
>
  <button
    aria-controls="#00000000-0000-0000-0000-000000000000"
    aria-expanded="false"
    className="p-accordion__tab"
    onClick={[Function]}
    role="tab"
    type="button"
  >
    Test section
  </button>
  <section
    aria-hidden="true"
    aria-labelledby="00000000-0000-0000-0000-000000000000"
    className="p-accordion__panel"
    id="00000000-0000-0000-0000-000000000000"
    role="tabpanel"
  >
    <span>
      Test
    </span>
  </section>
</li>
`;
