// Jest Snapshot v1, https://goo.gl/fbAQLP

exports[`<ShowMore /> renders and matches the snapshot 1`] = `
<small
  className="u-text--muted"
>
  <span>
    Showing some items
  </span>
   
  <a
    href="#show-more"
    onClick={[Function]}
  >
    Show more
  </a>
</small>
`;
