// Jest Snapshot v1, https://goo.gl/fbAQLP

exports[`Filter panel section renders 1`] = `
<div
  aria-expanded={false}
  className="filter-panel-section"
>
  <h3
    className="filter-panel-section__heading"
  >
    Regions
  </h3>
  <div
    className="filter-panel-section__chips"
  >
    <span
      key="undefined+us-east1"
      onClick={[Function]}
    >
      <Chip
        selected={false}
        value="us-east1"
      />
    </span>
    <span
      key="undefined+us-east2"
      onClick={[Function]}
    >
      <Chip
        selected={false}
        value="us-east2"
      />
    </span>
    <span
      key="undefined+us-east3"
      onClick={[Function]}
    >
      <Chip
        selected={false}
        value="us-east3"
      />
    </span>
  </div>
</div>
`;
