// Jest Snapshot v1, https://goo.gl/fbAQLP

exports[`Filter panel section renders 1`] = `
<Fragment>
  <div
    className="p-filter-panel-section"
  >
    <h3
      className="p-filter-panel-section__heading"
      dangerouslySetInnerHTML={
        Object {
          "__html": "Regions",
        }
      }
    />
    <div
      aria-expanded={false}
      className="p-filter-panel-section__chips"
    >
      <span
        key="undefined+us-east1"
      >
        <Chip
          onClick={[Function]}
          selected={false}
          subString=""
          value="us-east1"
        />
      </span>
      <span
        key="undefined+us-east2"
      >
        <Chip
          onClick={[Function]}
          selected={false}
          subString=""
          value="us-east2"
        />
      </span>
      <span
        key="undefined+us-east3"
      >
        <Chip
          onClick={[Function]}
          selected={false}
          subString=""
          value="us-east3"
        />
      </span>
    </div>
  </div>
</Fragment>
`;
