// Jest Snapshot v1, https://goo.gl/fbAQLP

exports[`TableCell renders 1`] = `
<td
  className=""
  role="gridcell"
>
  Test content
</td>
`;
