// Jest Snapshot v1, https://goo.gl/fbAQLP

exports[`Search and filter renders 1`] = `
<div
  className="search-and-filter"
  onClick={[Function]}
>
  <div
    aria-expanded={false}
    className="search-and-filter__search-container"
    data-active={true}
    data-empty={true}
  >
    <SearchBox
      autocomplete="off"
      data-overflowing={false}
      externallyControlled={true}
      onChange={[Function]}
      onSubmit={[Function]}
      placeholder="Search and filter"
      value=""
    />
  </div>
</div>
`;
