// Jest Snapshot v1, https://goo.gl/fbAQLP

exports[`<SummaryButton /> renders and matches the snapshot 1`] = `
<small
  className="u-text--muted"
>
  <span>
    Showing some items
  </span>
   
  <ActionButton
    appearance="neutral"
    className="is-small is-dense"
    onClick={[Function]}
  >
    Show more
  </ActionButton>
</small>
`;
